TAP version 13
# Subtest: unknown learner stage fails closed before provider execution
not ok 1 - unknown learner stage fails closed before provider execution
  ---
  duration_ms: <duration>
  type: 'test'
  location: '/private$MUTANT_ROOT/adaptive-tutor/scripts/tutor-v3/.dist/tests/tutor-v3-convergence/commercial-flow.test.js:168:1'
  failureType: 'testCodeFailure'
  error: |-
    Expected values to be strictly equal:

    2 !== 0

  code: 'ERR_ASSERTION'
  name: 'AssertionError'
  expected: 0
  actual: 2
  operator: 'strictEqual'
  stack: |-
    TestContext.<anonymous> (file:///private$MUTANT_ROOT/adaptive-tutor/scripts/tutor-v3/.dist/tests/tutor-v3-convergence/commercial-flow.test.js:175:12)
    Test.runInAsyncScope (node:async_hooks:214:14)
    Test.run (node:internal/test_runner/test:1047:25)
    Test.start (node:internal/test_runner/test:944:17)
    startSubtestAfterBootstrap (node:internal/test_runner/harness:296:17)
  ...
1..1
# tests 1
# suites 0
# pass 0
# fail 1
# cancelled 0
# skipped 0
# todo 0
# duration_ms <duration>
