TAP version 13
# Subtest: provider-policy must be evaluated per provider and revision
not ok 1 - provider-policy must be evaluated per provider and revision
  ---
  duration_ms: <duration>
  type: 'test'
  location: '/private$MUTANT_ROOT/adaptive-tutor/scripts/tutor-v3/.dist/core/v3/routing/provider-routing/provider-routing.test.js:164:1'
  failureType: 'testCodeFailure'
  error: |-
    Expected values to be strictly equal:
    + actual - expected

    + 'ROUTE_SELECTED'
    - 'NO_ELIGIBLE_PROVIDER_ROUTE'

  code: 'ERR_ASSERTION'
  name: 'AssertionError'
  expected: 'NO_ELIGIBLE_PROVIDER_ROUTE'
  actual: 'ROUTE_SELECTED'
  operator: 'strictEqual'
  stack: |-
    assertNoRoute (file:///private$MUTANT_ROOT/adaptive-tutor/scripts/tutor-v3/.dist/core/v3/routing/provider-routing/provider-routing.test.js:131:12)
    TestContext.<anonymous> (file:///private$MUTANT_ROOT/adaptive-tutor/scripts/tutor-v3/.dist/core/v3/routing/provider-routing/provider-routing.test.js:169:5)
    Test.runInAsyncScope (node:async_hooks:214:14)
    Test.run (node:internal/test_runner/test:1047:25)
    Test.start (node:internal/test_runner/test:944:17)
    startSubtestAfterBootstrap (node:internal/test_runner/harness:296:17)
  ...
1..1
# tests 1
# suites 0
# pass 0
# fail 1
# cancelled 0
# skipped 0
# todo 0
# duration_ms <duration>
