TAP version 13
# Subtest: authority fields are rejected from intent and commercial wrapper
not ok 1 - authority fields are rejected from intent and commercial wrapper
  ---
  duration_ms: <duration>
  type: 'test'
  location: '/private$MUTANT_ROOT/adaptive-tutor/scripts/tutor-v3/.dist/core/v3/presentation/presentation.test.js:341:1'
  failureType: 'testCodeFailure'
  error: |-
    Expected values to be strictly equal:
    + actual - expected

    + 'accepted'
    - 'rejected'

  code: 'ERR_ASSERTION'
  name: 'AssertionError'
  expected: 'rejected'
  actual: 'accepted'
  operator: 'strictEqual'
  stack: |-
    TestContext.<anonymous> (file:///private$MUTANT_ROOT/adaptive-tutor/scripts/tutor-v3/.dist/core/v3/presentation/presentation.test.js:359:12)
    Test.runInAsyncScope (node:async_hooks:214:14)
    Test.run (node:internal/test_runner/test:1047:25)
    Test.start (node:internal/test_runner/test:944:17)
    startSubtestAfterBootstrap (node:internal/test_runner/harness:296:17)
  ...
1..1
# tests 1
# suites 0
# pass 0
# fail 1
# cancelled 0
# skipped 0
# todo 0
# duration_ms <duration>
